2026.05.03 00:44:01 INFO  Started: Metals version 1.6.7 in folders 'D:\Wovenly\Wovely\backend' for client Visual Studio Code 1.118.1.
2026.05.03 00:44:01 INFO  Memory monitor started
2026.05.03 00:44:02 WARN  Using H2 2.4.240 which is newer than the version Flyway has been verified with. The latest verified version of H2 is 2.3.232.
2026.05.03 00:44:02 INFO  no build target found for D:\Wovenly\Wovely\backend\products\src\main\java\com\wovely\products\models\Product.java. Using fallback presentation compiler.
mai 03, 2026 12:44:03 A.M. org.eclipse.lsp4j.jsonrpc.RemoteEndpoint handleCancellation
WARNING: Unmatched cancel notification for request id 1
2026.05.03 00:44:03 INFO  no build target found for D:\Wovenly\Wovely\backend\products\src\main\java\com\wovely\products\models\Product.java. Using fallback presentation compiler.
mai 03, 2026 12:44:04 A.M. org.eclipse.lsp4j.jsonrpc.RemoteEndpoint handleCancellation
WARNING: Unmatched cancel notification for request id 3
2026.05.03 00:44:03 INFO  no build target found for D:\Wovenly\Wovely\backend\products\src\main\java\com\wovely\products\models\Product.java. Using fallback presentation compiler.
mai 03, 2026 12:44:04 A.M. org.eclipse.lsp4j.jsonrpc.RemoteEndpoint handleCancellation
WARNING: Unmatched cancel notification for request id 10
2026.05.03 00:44:04 INFO  no build target found for D:\Wovenly\Wovely\backend\products\src\main\java\com\wovely\products\models\Product.java. Using fallback presentation compiler.
mai 03, 2026 12:44:05 A.M. org.eclipse.lsp4j.jsonrpc.RemoteEndpoint handleCancellation
WARNING: Unmatched cancel notification for request id 2
2026.05.03 00:44:04 INFO  no build target found for D:\Wovenly\Wovely\backend\products\src\main\java\com\wovely\products\models\Product.java. Using fallback presentation compiler.
2026.05.03 00:44:04 INFO  no build target found for D:\Wovenly\Wovely\backend\products\src\main\java\com\wovely\products\models\Product.java. Using fallback presentation compiler.
mai 03, 2026 12:44:05 A.M. org.eclipse.lsp4j.jsonrpc.RemoteEndpoint handleCancellation
WARNING: Unmatched cancel notification for request id 12
mai 03, 2026 12:44:05 A.M. org.eclipse.lsp4j.jsonrpc.RemoteEndpoint handleCancellation
WARNING: Unmatched cancel notification for request id 11
2026.05.03 00:44:04 INFO  no build target found for D:\Wovenly\Wovely\backend\products\src\main\java\com\wovely\products\models\Product.java. Using fallback presentation compiler.
2026.05.03 00:44:04 INFO  no build target found for D:\Wovenly\Wovely\backend\products\src\main\java\com\wovely\products\models\Product.java. Using fallback presentation compiler.
2026.05.03 00:44:04 INFO  no build target found for D:\Wovenly\Wovely\backend\products\src\main\java\com\wovely\products\models\Product.java. Using fallback presentation compiler.
2026.05.03 00:44:04 INFO  no build target found for D:\Wovenly\Wovely\backend\products\src\main\java\com\wovely\products\models\Product.java. Using fallback presentation compiler.
2026.05.03 00:44:04 INFO  no build target found for D:\Wovenly\Wovely\backend\products\src\main\java\com\wovely\products\models\Product.java. Using fallback presentation compiler.
2026.05.03 00:44:04 INFO  no build target found for D:\Wovenly\Wovely\backend\products\src\main\java\com\wovely\products\models\Product.java. Using fallback presentation compiler.
2026.05.03 00:44:06 INFO  no build target found for D:\Wovenly\Wovely\backend\products\src\main\java\com\wovely\products\models\Product.java. Using fallback presentation compiler.
2026.05.03 00:44:06 INFO  no build target found for D:\Wovenly\Wovely\backend\products\src\main\java\com\wovely\products\models\Product.java. Using fallback presentation compiler.
2026.05.03 00:44:06 INFO  no build target found for D:\Wovenly\Wovely\backend\products\src\main\java\com\wovely\products\models\Product.java. Using fallback presentation compiler.
mai 03, 2026 12:44:06 A.M. org.eclipse.lsp4j.jsonrpc.RemoteEndpoint handleCancellation
WARNING: Unmatched cancel notification for request id 29
2026.05.03 00:44:06 INFO  no build target found for D:\Wovenly\Wovely\backend\products\src\main\java\com\wovely\products\models\Product.java. Using fallback presentation compiler.
2026.05.03 00:44:07 INFO  no build target found for D:\Wovenly\Wovely\backend\products\src\main\java\com\wovely\products\models\Product.java. Using fallback presentation compiler.
2026.05.03 00:44:07 INFO  no build target found for D:\Wovenly\Wovely\backend\products\src\main\java\com\wovely\products\models\Product.java. Using fallback presentation compiler.
2026.05.03 00:44:07 INFO  no build target found for D:\Wovenly\Wovely\backend\products\src\main\java\com\wovely\products\models\Product.java. Using fallback presentation compiler.
2026.05.03 00:44:07 INFO  no build target found for D:\Wovenly\Wovely\backend\products\src\main\java\com\wovely\products\models\Product.java. Using fallback presentation compiler.
2026.05.03 00:44:09 INFO  no build target found for D:\Wovenly\Wovely\backend\products\src\main\java\com\wovely\products\models\Product.java. Using fallback presentation compiler.
2026.05.03 00:44:09 INFO  no build target found for D:\Wovenly\Wovely\backend\products\src\main\java\com\wovely\products\models\Product.java. Using fallback presentation compiler.
2026.05.03 00:44:10 INFO  no build target found for D:\Wovenly\Wovely\backend\products\src\main\java\com\wovely\products\models\Product.java. Using fallback presentation compiler.
2026.05.03 00:44:10 INFO  no build target found for D:\Wovenly\Wovely\backend\products\src\main\java\com\wovely\products\models\Product.java. Using fallback presentation compiler.
2026.05.03 00:44:11 INFO  no build target found for D:\Wovenly\Wovely\backend\products\src\main\java\com\wovely\products\models\Product.java. Using fallback presentation compiler.
2026.05.03 00:44:11 INFO  no build target found for D:\Wovenly\Wovely\backend\products\src\main\java\com\wovely\products\models\Product.java. Using fallback presentation compiler.
2026.05.03 00:44:12 WARN  no build target for: D:\Wovenly\Wovely\backend\products\src\main\java\com\wovely\products\models\Product.java
2026.05.03 00:44:12 INFO  no build target found for D:\Wovenly\Wovely\backend\products\src\main\java\com\wovely\products\models\Product.java. Using fallback presentation compiler.
2026.05.03 00:44:12 INFO  no build target found for D:\Wovenly\Wovely\backend\products\src\main\java\com\wovely\products\models\Product.java. Using fallback presentation compiler.
2026.05.03 00:44:25 INFO  no build target found for D:\Wovenly\Wovely\backend\products\src\main\java\com\wovely\products\models\Product.java. Using fallback presentation compiler.
2026.05.03 00:44:28 INFO  no build target found for D:\Wovenly\Wovely\backend\products\src\main\java\com\wovely\products\models\Product.java. Using fallback presentation compiler.
2026.05.03 00:47:53 INFO  no build target found for D:\Wovenly\Wovely\backend\products\src\main\java\com\wovely\products\models\Product.java. Using fallback presentation compiler.
2026.05.03 01:51:41 INFO  Shutting down server
2026.05.03 01:51:41 INFO  Memory monitor stopped
2026.05.03 01:51:41 INFO  shutting down Metals
2026.05.03 01:51:41 ERROR Unexpected error initializing server: 
org.eclipse.lsp4j.jsonrpc.ResponseErrorException: Request window/showMessageRequest failed with message: Canceled
	at org.eclipse.lsp4j.jsonrpc.RemoteEndpoint.handleResponse(RemoteEndpoint.java:214)
	at org.eclipse.lsp4j.jsonrpc.RemoteEndpoint.consume(RemoteEndpoint.java:198)
	at org.eclipse.lsp4j.jsonrpc.json.StreamMessageProducer.handleMessage(StreamMessageProducer.java:189)
	at org.eclipse.lsp4j.jsonrpc.json.StreamMessageProducer.listen(StreamMessageProducer.java:97)
	at org.eclipse.lsp4j.jsonrpc.json.ConcurrentMessageProcessor.run(ConcurrentMessageProcessor.java:97)
	at java.util.concurrent.Executors$RunnableAdapter.call(Executors.java:572)
	at java.util.concurrent.FutureTask.run(FutureTask.java:317)
	at java.util.concurrent.ThreadPoolExecutor.runWorker(ThreadPoolExecutor.java:1144)
	at java.util.concurrent.ThreadPoolExecutor$Worker.run(ThreadPoolExecutor.java:642)
	at java.lang.Thread.run(Thread.java:1583)

